// Vitest Snapshot v1, https://vitest.dev/guide/snapshot.html

exports[`ESLint Regression Tests > should detect import order issues 1`] = `
{
  "importOrderIssues": [],
  "importOrderIssuesCount": 0,
}
`;

exports[`ESLint Regression Tests > should detect prettier formatting issues 1`] = `
{
  "prettierIssues": [],
  "prettierIssuesCount": 0,
}
`;

exports[`ESLint Regression Tests > should produce consistent linting results for sample with errors 1`] = `
{
  "errorCount": 1,
  "filePath": "/home/ubuntu/repos/eslint-config-ts-prefixer/test/regression/fixtures/sample-with-errors.ts",
  "ruleIds": [
    null,
  ],
  "warningCount": 0,
}
`;
